// Jest Snapshot v1, https://goo.gl/fbAQLP

exports[`should render the EditExpensePage correctly 1`] = `
<div>
  <div
    className="page-header"
  >
    <div
      className="content-container"
    >
      <h1
        className="page-header__title"
      >
        Edit Expense
      </h1>
    </div>
  </div>
  <div
    className="content-container"
  >
    <ExpenseForm
      expense={
        Object {
          "amount": 123,
          "createdAt": 345600000,
          "description": "Pickles",
          "id": "1",
          "note": "pickles",
        }
      }
      onSubmit={[Function]}
      submitType="Save"
    />
    <button
      className="btn btn--tertiary btn--shine"
      onClick={[Function]}
    >
      Remove
    </button>
  </div>
</div>
`;
