// Jest Snapshot v1, https://goo.gl/fbAQLP

exports[`should render Expense List Item with expense 1`] = `
<Link
  className="list-item"
  to="/edit/1"
>
  <div>
    <h3
      className="list-item__title"
    >
      Pickles
    </h3>
    <span
      className="list-item__subtitle"
    >
      January 5th, 1970
    </span>
  </div>
  <h3
    className="list-item__data"
  >
    $1.23
  </h3>
</Link>
`;
