// Jest Snapshot v1, https://goo.gl/fbAQLP

exports[`should render Header correctly 1`] = `
<header
  className="header"
>
  <div
    className="content-container"
  >
    <nav
      className="header__content"
    >
      <Link
        className="header__title"
        to="/dashboard"
      >
        <h1>
          Expendify
        </h1>
      </Link>
      <div>
        <span
          className="header__username"
        />
        <button
          className="btn btn--primary btn--link"
          onClick={[Function]}
        >
          Logout
        </button>
      </div>
    </nav>
  </div>
</header>
`;
